// Jest Snapshot v1, https://goo.gl/fbAQLP

exports[`Container 1`] = `
<main
  className=""
>
  Hello world
</main>
`;
